../Core/Src/Bsp.c:50:6:Bsp_Init	8	static
../Core/Src/Bsp.c:62:13:PWM_Init	8	static
../Core/Src/Bsp.c:74:10:Bsp_ADC_Read	16	static
../Core/Src/Bsp.c:90:6:Bsp_Set_LED1	24	static
../Core/Src/Bsp.c:96:6:Bsp_Set_LED2	24	static
../Core/Src/Bsp.c:102:6:Bsp_Set_LED3	24	static
../Core/Src/Bsp.c:113:6:Bsp_Usart3_Transmit	16	static
../Core/Src/Bsp.c:121:6:Bsp_Usart3_Receive_IT	8	static
../Core/Src/Bsp.c:130:9:Bsp_Get_RxByte	4	static
../Core/Src/Bsp.c:140:9:Bsp_Get_ADCFlag	4	static
../Core/Src/Bsp.c:145:6:Bsp_Clear_ADCFlag	4	static
../Core/Src/Bsp.c:150:9:Bsp_Get_DebounceFlag	4	static
../Core/Src/Bsp.c:155:6:Bsp_Clear_DebounceFlag	4	static
../Core/Src/Bsp.c:160:9:Bsp_Get_ButtonFlag	4	static
../Core/Src/Bsp.c:165:6:Bsp_Clear_ButtonFlag	4	static
../Core/Src/Bsp.c:179:6:HAL_TIM_PeriodElapsedCallback	16	static
../Core/Src/Bsp.c:197:6:HAL_GPIO_EXTI_Callback	16	static
../Core/Src/Bsp.c:207:6:HAL_UART_RxCpltCallback	16	static
