../Core/Src/Bsp.c:49:6:Bsp_Init	8	static
../Core/Src/Bsp.c:61:13:PWM_Init	8	static
../Core/Src/Bsp.c:73:10:Bsp_ADC_Read	16	static
../Core/Src/Bsp.c:89:6:Bsp_Set_LED1	24	static
../Core/Src/Bsp.c:95:6:Bsp_Set_LED2	24	static
../Core/Src/Bsp.c:101:6:Bsp_Set_LED3	24	static
../Core/Src/Bsp.c:112:6:Bsp_Usart3_Transmit	16	static
../Core/Src/Bsp.c:120:6:Bsp_Usart3_Receive_IT	8	static
../Core/Src/Bsp.c:129:9:Bsp_Get_RxByte	4	static
../Core/Src/Bsp.c:139:9:Bsp_Get_ADCFlag	4	static
../Core/Src/Bsp.c:144:6:Bsp_Clear_ADCFlag	4	static
../Core/Src/Bsp.c:149:9:Bsp_Get_DebounceFlag	4	static
../Core/Src/Bsp.c:154:6:Bsp_Clear_DebounceFlag	4	static
../Core/Src/Bsp.c:159:9:Bsp_Get_ButtonFlag	4	static
../Core/Src/Bsp.c:164:6:Bsp_Clear_ButtonFlag	4	static
../Core/Src/Bsp.c:169:9:Bsp_GetRx_Flag	4	static
../Core/Src/Bsp.c:174:6:Bsp_Clear_RxFlag	4	static
../Core/Src/Bsp.c:188:6:HAL_TIM_PeriodElapsedCallback	16	static
../Core/Src/Bsp.c:206:6:HAL_GPIO_EXTI_Callback	16	static
../Core/Src/Bsp.c:219:6:HAL_UART_RxCpltCallback	16	static
