../Core/Src/Bsp.c:48:6:Bsp_Init	8	static
../Core/Src/Bsp.c:60:13:PWM_Init	8	static
../Core/Src/Bsp.c:72:10:Bsp_ADC_Read	16	static
../Core/Src/Bsp.c:88:6:Bsp_Set_LED1	24	static
../Core/Src/Bsp.c:94:6:Bsp_Set_LED2	24	static
../Core/Src/Bsp.c:100:6:Bsp_Set_LED3	24	static
../Core/Src/Bsp.c:111:6:Bsp_Usart3_Transmit	16	static
../Core/Src/Bsp.c:119:6:Bsp_Usart3_Receive_IT	8	static
../Core/Src/Bsp.c:128:9:Bsp_Get_RxByte	4	static
../Core/Src/Bsp.c:138:9:Bsp_Get_ADCFlag	4	static
../Core/Src/Bsp.c:143:6:Bsp_Clear_ADCFlag	4	static
../Core/Src/Bsp.c:148:9:Bsp_Get_DebounceFlag	4	static
../Core/Src/Bsp.c:153:6:Bsp_Clear_DebounceFlag	4	static
../Core/Src/Bsp.c:158:9:Bsp_Get_ButtonFlag	4	static
../Core/Src/Bsp.c:163:6:Bsp_Clear_ButtonFlag	4	static
../Core/Src/Bsp.c:177:6:HAL_TIM_PeriodElapsedCallback	16	static
../Core/Src/Bsp.c:195:6:HAL_GPIO_EXTI_Callback	16	static
../Core/Src/Bsp.c:208:6:HAL_UART_RxCpltCallback	16	static
